nohup: ignoring input

  .   ____          _            __ _ _
 /\\ / ___'_ __ _ _(_)_ __  __ _ \ \ \ \
( ( )\___ | '_ | '_| | '_ \/ _` | \ \ \ \
 \\/  ___)| |_)| | | | | || (_| |  ) ) ) )
  '  |____| .__|_| |_|_| |_\__, | / / / /
 =========|_|==============|___/=/_/_/_/

 :: Spring Boot ::                (v3.5.6)

2025-12-29T13:47:57.783Z  INFO 15673 --- [productdevelopment] [           main] c.h.p.ProductdevelopmentApplication      : Starting ProductdevelopmentApplication v0.0.1-SNAPSHOT using Java 17.0.17 with PID 15673 (/home/costroom/costroom-app/productdevelopment/target/productdevelopment-0.0.1-SNAPSHOT.jar started by root in /home/costroom/costroom-app/productdevelopment)
2025-12-29T13:47:57.787Z  INFO 15673 --- [productdevelopment] [           main] c.h.p.ProductdevelopmentApplication      : No active profile set, falling back to 1 default profile: "default"
2025-12-29T13:47:59.365Z  INFO 15673 --- [productdevelopment] [           main] .s.d.r.c.RepositoryConfigurationDelegate : Bootstrapping Spring Data JPA repositories in DEFAULT mode.
2025-12-29T13:47:59.570Z  INFO 15673 --- [productdevelopment] [           main] .s.d.r.c.RepositoryConfigurationDelegate : Finished Spring Data repository scanning in 191 ms. Found 16 JPA repository interfaces.
2025-12-29T13:48:00.569Z  INFO 15673 --- [productdevelopment] [           main] o.s.b.w.embedded.tomcat.TomcatWebServer  : Tomcat initialized with port 8081 (http)
2025-12-29T13:48:00.591Z  INFO 15673 --- [productdevelopment] [           main] o.apache.catalina.core.StandardService   : Starting service [Tomcat]
2025-12-29T13:48:00.592Z  INFO 15673 --- [productdevelopment] [           main] o.apache.catalina.core.StandardEngine    : Starting Servlet engine: [Apache Tomcat/10.1.46]
2025-12-29T13:48:00.656Z  INFO 15673 --- [productdevelopment] [           main] o.a.c.c.C.[Tomcat].[localhost].[/]       : Initializing Spring embedded WebApplicationContext
2025-12-29T13:48:00.658Z  INFO 15673 --- [productdevelopment] [           main] w.s.c.ServletWebServerApplicationContext : Root WebApplicationContext: initialization completed in 2771 ms
2025-12-29T13:48:01.001Z  INFO 15673 --- [productdevelopment] [           main] o.hibernate.jpa.internal.util.LogHelper  : HHH000204: Processing PersistenceUnitInfo [name: default]
2025-12-29T13:48:01.108Z  INFO 15673 --- [productdevelopment] [           main] org.hibernate.Version                    : HHH000412: Hibernate ORM core version 6.6.29.Final
2025-12-29T13:48:01.196Z  INFO 15673 --- [productdevelopment] [           main] o.h.c.internal.RegionFactoryInitiator    : HHH000026: Second-level cache disabled
2025-12-29T13:48:01.659Z  INFO 15673 --- [productdevelopment] [           main] o.s.o.j.p.SpringPersistenceUnitInfo      : No LoadTimeWeaver setup: ignoring JPA class transformer
2025-12-29T13:48:01.701Z  INFO 15673 --- [productdevelopment] [           main] com.zaxxer.hikari.HikariDataSource       : HikariPool-1 - Starting...
2025-12-29T13:48:04.122Z  INFO 15673 --- [productdevelopment] [           main] com.zaxxer.hikari.pool.HikariPool        : HikariPool-1 - Added connection org.postgresql.jdbc.PgConnection@3cb04dd
2025-12-29T13:48:04.124Z  INFO 15673 --- [productdevelopment] [           main] com.zaxxer.hikari.HikariDataSource       : HikariPool-1 - Start completed.
2025-12-29T13:48:04.376Z  WARN 15673 --- [productdevelopment] [           main] org.hibernate.orm.deprecation            : HHH90000025: PostgreSQLDialect does not need to be specified explicitly using 'hibernate.dialect' (remove the property setting and it will be selected by default)
2025-12-29T13:48:05.071Z  INFO 15673 --- [productdevelopment] [           main] org.hibernate.orm.connections.pooling    : HHH10001005: Database info:
	Database JDBC URL [Connecting through datasource 'HikariDataSource (HikariPool-1)']
	Database driver: undefined/unknown
	Database version: 17.7
	Autocommit mode: undefined/unknown
	Isolation level: undefined/unknown
	Minimum pool size: undefined/unknown
	Maximum pool size: undefined/unknown
2025-12-29T13:48:06.547Z  INFO 15673 --- [productdevelopment] [           main] o.h.e.t.j.p.i.JtaPlatformInitiator       : HHH000489: No JTA platform available (set 'hibernate.transaction.jta.platform' to enable JTA platform integration)
2025-12-29T13:48:07.893Z  INFO 15673 --- [productdevelopment] [           main] j.LocalContainerEntityManagerFactoryBean : Initialized JPA EntityManagerFactory for persistence unit 'default'
2025-12-29T13:48:07.904Z  INFO 15673 --- [productdevelopment] [           main] c.h.p.config.FirebaseConfig              : Initializing Firebase configuration...
2025-12-29T13:48:07.983Z  INFO 15673 --- [productdevelopment] [           main] c.h.p.config.FirebaseConfig              : ✅ Firebase initialized successfully from environment variable.
2025-12-29T13:48:08.317Z  INFO 15673 --- [productdevelopment] [           main] o.s.d.j.r.query.QueryEnhancerFactory     : Hibernate is in classpath; If applicable, HQL parser will be used.
2025-12-29T13:48:10.734Z  WARN 15673 --- [productdevelopment] [           main] JpaBaseConfiguration$JpaWebConfiguration : spring.jpa.open-in-view is enabled by default. Therefore, database queries may be performed during view rendering. Explicitly configure spring.jpa.open-in-view to disable this warning
2025-12-29T13:48:11.323Z  INFO 15673 --- [productdevelopment] [           main] o.s.m.s.b.SimpleBrokerMessageHandler     : Starting...
2025-12-29T13:48:11.324Z  INFO 15673 --- [productdevelopment] [           main] o.s.m.s.b.SimpleBrokerMessageHandler     : BrokerAvailabilityEvent[available=true, SimpleBrokerMessageHandler [org.springframework.messaging.simp.broker.DefaultSubscriptionRegistry@185010b5]]
2025-12-29T13:48:11.327Z  INFO 15673 --- [productdevelopment] [           main] o.s.m.s.b.SimpleBrokerMessageHandler     : Started.
2025-12-29T13:48:11.351Z  INFO 15673 --- [productdevelopment] [           main] o.s.b.w.embedded.tomcat.TomcatWebServer  : Tomcat started on port 8081 (http) with context path '/'
2025-12-29T13:48:11.369Z  INFO 15673 --- [productdevelopment] [           main] c.h.p.ProductdevelopmentApplication      : Started ProductdevelopmentApplication in 14.489 seconds (process running for 15.288)
2025-12-29T13:48:11.373Z  INFO 15673 --- [productdevelopment] [           main] c.h.p.util.FirebaseUserSyncUtil          : FirebaseUserSyncUtil initialized
2025-12-29T13:49:11.336Z  INFO 15673 --- [productdevelopment] [MessageBroker-1] o.s.w.s.c.WebSocketMessageBrokerStats    : WebSocketSession[0 current WS(0)-HttpStream(0)-HttpPoll(0), 0 total, 0 closed abnormally (0 connect failure, 0 send limit, 0 transport error)], stompSubProtocol[processed CONNECT(0)-CONNECTED(0)-DISCONNECT(0)], stompBrokerRelay[null], inboundChannel[pool size = 0, active threads = 0, queued tasks = 0, completed tasks = 0], outboundChannel[pool size = 0, active threads = 0, queued tasks = 0, completed tasks = 0], sockJsScheduler[pool size = 1, active threads = 1, queued tasks = 0, completed tasks = 0]
